// Jest Snapshot v1, https://goo.gl/fbAQLP

exports[`Footer snapshot +++ render the Footer component 1`] = `
<footer>
  <span>
     
    Â© Copyright 2018 -
     
    <a
      href="https://github.com/escobard"
    >
      escobard@github.com
    </a>
  </span>
</footer>
`;
